###############################################################################
#
# IAR ELF Linker V2.20.1.176 for STM8                     20/Feb/2020  18:17:03
# Copyright 2010-2015 IAR Systems AB.
#
#    Output file  =  
#        C:\Users\Sahil
#        Siwatch\Documents\git_personal\office_system\STM8L\Projects\try\Debug\Exe\try.out
#    Map file     =  
#        C:\Users\Sahil
#        Siwatch\Documents\git_personal\office_system\STM8L\Projects\try\Debug\List\try.map
#    Command line =  
#        "C:\Users\Sahil
#        Siwatch\Documents\git_personal\office_system\STM8L\Projects\try\Debug\Obj\main.o"
#        "C:\Users\Sahil
#        Siwatch\Documents\git_personal\office_system\STM8L\Projects\try\Debug\Obj\stm8l15x_gpio.o"
#        "C:\Users\Sahil
#        Siwatch\Documents\git_personal\office_system\STM8L\Projects\try\Debug\Obj\stm8l15x_it.o"
#        --redirect _Printf=_PrintfFullNoMb --redirect _Scanf=_ScanfFullNoMb -o
#        "C:\Users\Sahil
#        Siwatch\Documents\git_personal\office_system\STM8L\Projects\try\Debug\Exe\try.out"
#        --map "C:\Users\Sahil
#        Siwatch\Documents\git_personal\office_system\STM8L\Projects\try\Debug\List\try.map"
#        --config "C:\Program Files (x86)\IAR Systems\Embedded Workbench
#        7.3\stm8\config\lnkstm8l152c6.icf" --config_def _CSTACK_SIZE=0x100
#        --config_def _HEAP_SIZE=0x100 --entry __iar_program_start --debug_lib
#
###############################################################################

*******************************************************************************
*** RUNTIME MODEL ATTRIBUTES
***

__SystemLibrary            = DLib
__code_model               = small
__core                     = stm8
__data_model               = medium
__dlib_file_descriptor     = 0
__dlib_full_locale_support = 0
__rt_version               = 4


*******************************************************************************
*** PLACEMENT SUMMARY
***

"A1":  place at start of [0x000000-0x0000ff] { rw section .vregs };
"A2":  place at end of [0x000000-0x0007ff] { block CSTACK };
"A3":  place at start of [0x008000-0x00ffff] { block INTVEC };
"P3":  place in [from 0x008000 to 0x00ffff] {
          ro section __DLIB_PERTHREAD_init, ro section .far.data_init,
          ro section .far_func.textrw_init, ro section .huge.data_init,
          ro section .huge_func.textrw_init, ro section .iar.init_table,
          ro section .init_array, ro section .near.data_init,
          ro section .near.rodata, ro section .near_func.text,
          ro section .near_func.textrw_init, ro section .tiny.data_init,
          ro section .tiny.rodata_init };

  Section          Kind      Address   Size  Object
  -------          ----      -------   ----  ------
"A1":                                   0xc
  .vregs           uninit   0x000000    0xc  vregs.o [4]
                          - 0x00000c    0xc

"A2":                                 0x100
  CSTACK                    0x000700  0x100  <Block>
    CSTACK         uninit   0x000700  0x100  <Block tail>
                          - 0x000800  0x100

"A3":                                  0x80
  INTVEC                    0x008000   0x80  <Block>
    .intvec        const    0x008000   0x80  interrupt.o [4]
                          - 0x008080   0x80

"P3":                                 0x180
  .near_func.text  ro code  0x008080   0xaf  stm8l15x_gpio.o [1]
  .near_func.text  ro code  0x00812f   0x30  main.o [1]
  .near_func.text  ro code  0x00815f   0x18  vreg_util.o [4]
  .near_func.text  ro code  0x008177   0x17  init.o [4]
  .near_func.text  ro code  0x00818e   0x14  __dbg_xxexit.o [3]
  .near_func.text  ro code  0x0081a2   0x13  cstartup.o [4]
  .near_func.text  ro code  0x0081b5   0x12  stm8l15x_gpio.o [1]
  .near_func.text  ro code  0x0081c7    0x9  main.o [1]
  .near_func.text  ro code  0x0081d0    0x5  cexit.o [4]
  .near_func.text  ro code  0x0081d5    0x3  interrupt.o [4]
  .near_func.text  ro code  0x0081d8    0x3  low_level_init.o [4]
  .near_func.text  ro code  0x0081db    0x3  exit.o [4]
  .near_func.text  ro code  0x0081de    0x3  unhandled_exception.o [4]
  .near_func.text  ro code  0x0081e1    0x1  stm8l15x_it.o [1]
  .near_func.text  ro code  0x0081e2    0x1  stm8l15x_it.o [1]
  .near_func.text  ro code  0x0081e3    0x1  stm8l15x_it.o [1]
  .near_func.text  ro code  0x0081e4    0x1  stm8l15x_it.o [1]
  .near_func.text  ro code  0x0081e5    0x1  stm8l15x_it.o [1]
  .near_func.text  ro code  0x0081e6    0x1  stm8l15x_it.o [1]
  .near_func.text  ro code  0x0081e7    0x1  stm8l15x_it.o [1]
  .near_func.text  ro code  0x0081e8    0x1  stm8l15x_it.o [1]
  .near_func.text  ro code  0x0081e9    0x1  stm8l15x_it.o [1]
  .near_func.text  ro code  0x0081ea    0x1  stm8l15x_it.o [1]
  .near_func.text  ro code  0x0081eb    0x1  stm8l15x_it.o [1]
  .near_func.text  ro code  0x0081ec    0x1  stm8l15x_it.o [1]
  .near_func.text  ro code  0x0081ed    0x1  stm8l15x_it.o [1]
  .near_func.text  ro code  0x0081ee    0x1  stm8l15x_it.o [1]
  .near_func.text  ro code  0x0081ef    0x1  stm8l15x_it.o [1]
  .near_func.text  ro code  0x0081f0    0x1  stm8l15x_it.o [1]
  .near_func.text  ro code  0x0081f1    0x1  stm8l15x_it.o [1]
  .near_func.text  ro code  0x0081f2    0x1  stm8l15x_it.o [1]
  .near_func.text  ro code  0x0081f3    0x1  stm8l15x_it.o [1]
  .near_func.text  ro code  0x0081f4    0x1  stm8l15x_it.o [1]
  .near_func.text  ro code  0x0081f5    0x1  stm8l15x_it.o [1]
  .near_func.text  ro code  0x0081f6    0x1  stm8l15x_it.o [1]
  .near_func.text  ro code  0x0081f7    0x1  stm8l15x_it.o [1]
  .near_func.text  ro code  0x0081f8    0x1  stm8l15x_it.o [1]
  .near_func.text  ro code  0x0081f9    0x1  stm8l15x_it.o [1]
  .near_func.text  ro code  0x0081fa    0x1  stm8l15x_it.o [1]
  .near_func.text  ro code  0x0081fb    0x1  stm8l15x_it.o [1]
  .near_func.text  ro code  0x0081fc    0x1  stm8l15x_it.o [1]
  .near_func.text  ro code  0x0081fd    0x1  stm8l15x_it.o [1]
  .near_func.text  ro code  0x0081fe    0x1  stm8l15x_it.o [1]
  .near_func.text  ro code  0x0081ff    0x1  __dbg_break.o [3]
                          - 0x008200  0x180



*******************************************************************************
*** MODULE SUMMARY
***

    Module                 ro code  ro data  rw data
    ------                 -------  -------  -------
C:\Users\Sahil Siwatch\Documents\git_personal\office_system\STM8L\Projects\try\Debug\Obj: [1]
    main.o                      57
    stm8l15x_gpio.o            193
    stm8l15x_it.o               30
    ------------------------------------------------
    Total:                     280

command line: [2]
    ------------------------------------------------
    Total:

dbgstm8smd.a: [3]
    __dbg_break.o                1
    __dbg_xxexit.o              20
    ------------------------------------------------
    Total:                      21

dlstm8smn.a: [4]
    cexit.o                      5
    cstartup.o                  19
    exit.o                       3
    init.o                      23
    interrupt.o                  3      128
    low_level_init.o             3
    unhandled_exception.o        3
    vreg_util.o                 24
    vregs.o                                       12
    ------------------------------------------------
    Total:                      83      128       12

    Linker created                               256
----------------------------------------------------
    Grand Total:               384      128      268


*******************************************************************************
*** ENTRY LIST
***

Entry                      Address  Size  Type      Object
-----                      -------  ----  ----      ------
?b0                       0x000000        Data  Gb  vregs.o [4]
?b1                       0x000001        Data  Gb  vregs.o [4]
?b10                      0x00000a        Data  Gb  vregs.o [4]
?b11                      0x00000b        Data  Gb  vregs.o [4]
?b2                       0x000002        Data  Gb  vregs.o [4]
?b3                       0x000003        Data  Gb  vregs.o [4]
?b4                       0x000004        Data  Gb  vregs.o [4]
?b5                       0x000005        Data  Gb  vregs.o [4]
?b6                       0x000006        Data  Gb  vregs.o [4]
?b7                       0x000007        Data  Gb  vregs.o [4]
?b8                       0x000008        Data  Gb  vregs.o [4]
?b9                       0x000009        Data  Gb  vregs.o [4]
?e0                       0x000001        Data  Gb  vregs.o [4]
?e1                       0x000005        Data  Gb  vregs.o [4]
?e2                       0x000009        Data  Gb  vregs.o [4]
?l0                       0x000000        Data  Gb  vregs.o [4]
?l1                       0x000004        Data  Gb  vregs.o [4]
?l2                       0x000008        Data  Gb  vregs.o [4]
?push_w4                  0x00815f        Code  Gb  vreg_util.o [4]
?w0                       0x000000        Data  Gb  vregs.o [4]
?w1                       0x000002        Data  Gb  vregs.o [4]
?w2                       0x000004        Data  Gb  vregs.o [4]
?w3                       0x000006        Data  Gb  vregs.o [4]
?w4                       0x000008        Data  Gb  vregs.o [4]
?w5                       0x00000a        Data  Gb  vregs.o [4]
ADC1_COMP_IRQHandler      0x0081f3   0x1  Code  Gb  stm8l15x_it.o [1]
CSTACK$$Base              0x000700         --   Gb  - Linker created -
CSTACK$$Limit             0x000800         --   Gb  - Linker created -
DMA1_CHANNEL0_1_IRQHandler
                          0x0081e3   0x1  Code  Gb  stm8l15x_it.o [1]
DMA1_CHANNEL2_3_IRQHandler
                          0x0081e4   0x1  Code  Gb  stm8l15x_it.o [1]
Delay                     0x0081c7   0x9  Code  Gb  main.o [1]
EXTI0_IRQHandler          0x0081e9   0x1  Code  Gb  stm8l15x_it.o [1]
EXTI1_IRQHandler          0x0081ea   0x1  Code  Gb  stm8l15x_it.o [1]
EXTI2_IRQHandler          0x0081eb   0x1  Code  Gb  stm8l15x_it.o [1]
EXTI3_IRQHandler          0x0081ec   0x1  Code  Gb  stm8l15x_it.o [1]
EXTI4_IRQHandler          0x0081ed   0x1  Code  Gb  stm8l15x_it.o [1]
EXTI5_IRQHandler          0x0081ee   0x1  Code  Gb  stm8l15x_it.o [1]
EXTI6_IRQHandler          0x0081ef   0x1  Code  Gb  stm8l15x_it.o [1]
EXTI7_IRQHandler          0x0081f0   0x1  Code  Gb  stm8l15x_it.o [1]
EXTIB_IRQHandler          0x0081e7   0x1  Code  Gb  stm8l15x_it.o [1]
EXTID_IRQHandler          0x0081e8   0x1  Code  Gb  stm8l15x_it.o [1]
EXTIE_F_PVD_IRQHandler    0x0081e6   0x1  Code  Gb  stm8l15x_it.o [1]
FLASH_IRQHandler          0x0081e2   0x1  Code  Gb  stm8l15x_it.o [1]
GPIO_Init                 0x008080  0xaf  Code  Gb  stm8l15x_gpio.o [1]
GPIO_WriteBit             0x0081b5  0x12  Code  Gb  stm8l15x_gpio.o [1]
I2C1_IRQHandler           0x0081fe   0x1  Code  Gb  stm8l15x_it.o [1]
INTVEC$$Base              0x008000         --   Gb  - Linker created -
INTVEC$$Limit             0x008080         --   Gb  - Linker created -
LCD_IRQHandler            0x0081f1   0x1  Code  Gb  stm8l15x_it.o [1]
RTC_IRQHandler            0x0081e5   0x1  Code  Gb  stm8l15x_it.o [1]
Region$$Table$$Base     0x00000000         --   Gb  - Linker created -
Region$$Table$$Limit    0x00000000         --   Gb  - Linker created -
SPI1_IRQHandler           0x0081fb   0x1  Code  Gb  stm8l15x_it.o [1]
SWITCH_CSS_BREAK_DAC_IRQHandler
                          0x0081f2   0x1  Code  Gb  stm8l15x_it.o [1]
TIM1_CAP_IRQHandler       0x0081f9   0x1  Code  Gb  stm8l15x_it.o [1]
TIM1_UPD_OVF_TRG_COM_IRQHandler
                          0x0081f8   0x1  Code  Gb  stm8l15x_it.o [1]
TIM2_CAP_IRQHandler       0x0081f5   0x1  Code  Gb  stm8l15x_it.o [1]
TIM2_UPD_OVF_TRG_BRK_IRQHandler
                          0x0081f4   0x1  Code  Gb  stm8l15x_it.o [1]
TIM3_CAP_IRQHandler       0x0081f7   0x1  Code  Gb  stm8l15x_it.o [1]
TIM3_UPD_OVF_TRG_BRK_IRQHandler
                          0x0081f6   0x1  Code  Gb  stm8l15x_it.o [1]
TIM4_UPD_OVF_TRG_IRQHandler
                          0x0081fa   0x1  Code  Gb  stm8l15x_it.o [1]
TRAP_IRQHandler           0x0081e1   0x1  Code  Gb  stm8l15x_it.o [1]
USART1_RX_IRQHandler      0x0081fd   0x1  Code  Gb  stm8l15x_it.o [1]
USART1_TX_IRQHandler      0x0081fc   0x1  Code  Gb  stm8l15x_it.o [1]
__DebugBreak              0x0081ff   0x1  Code  Gb  __dbg_break.o [3]
__exit                    0x00818e  0x14  Code  Gb  __dbg_xxexit.o [3]
__iar_data_init2          0x008177  0x17  Code  Gb  init.o [4]
__iar_program_start       0x0081a2        Code  Gb  cstartup.o [4]
__iar_unhandled_exception
                          0x0081de        Code  Gb  unhandled_exception.o [4]
__intvec                  0x008000        Data  Gb  interrupt.o [4]
__low_level_init          0x0081d8   0x3  Code  Gb  low_level_init.o [4]
_exit                     0x0081d0        Code  Gb  cexit.o [4]
_interrupt_1              0x0081e1        Code  Gb  stm8l15x_it.o [1]
_interrupt_10             0x0081e9        Code  Gb  stm8l15x_it.o [1]
_interrupt_11             0x0081ea        Code  Gb  stm8l15x_it.o [1]
_interrupt_12             0x0081eb        Code  Gb  stm8l15x_it.o [1]
_interrupt_13             0x0081ec        Code  Gb  stm8l15x_it.o [1]
_interrupt_14             0x0081ed        Code  Gb  stm8l15x_it.o [1]
_interrupt_15             0x0081ee        Code  Gb  stm8l15x_it.o [1]
_interrupt_16             0x0081ef        Code  Gb  stm8l15x_it.o [1]
_interrupt_17             0x0081f0        Code  Gb  stm8l15x_it.o [1]
_interrupt_18             0x0081f1        Code  Gb  stm8l15x_it.o [1]
_interrupt_19             0x0081f2        Code  Gb  stm8l15x_it.o [1]
_interrupt_20             0x0081f3        Code  Gb  stm8l15x_it.o [1]
_interrupt_21             0x0081f4        Code  Gb  stm8l15x_it.o [1]
_interrupt_22             0x0081f5        Code  Gb  stm8l15x_it.o [1]
_interrupt_23             0x0081f6        Code  Gb  stm8l15x_it.o [1]
_interrupt_24             0x0081f7        Code  Gb  stm8l15x_it.o [1]
_interrupt_25             0x0081f8        Code  Gb  stm8l15x_it.o [1]
_interrupt_26             0x0081f9        Code  Gb  stm8l15x_it.o [1]
_interrupt_27             0x0081fa        Code  Gb  stm8l15x_it.o [1]
_interrupt_28             0x0081fb        Code  Gb  stm8l15x_it.o [1]
_interrupt_29             0x0081fc        Code  Gb  stm8l15x_it.o [1]
_interrupt_3              0x0081e2        Code  Gb  stm8l15x_it.o [1]
_interrupt_30             0x0081fd        Code  Gb  stm8l15x_it.o [1]
_interrupt_31             0x0081fe        Code  Gb  stm8l15x_it.o [1]
_interrupt_4              0x0081e3        Code  Gb  stm8l15x_it.o [1]
_interrupt_5              0x0081e4        Code  Gb  stm8l15x_it.o [1]
_interrupt_6              0x0081e5        Code  Gb  stm8l15x_it.o [1]
_interrupt_7              0x0081e6        Code  Gb  stm8l15x_it.o [1]
_interrupt_8              0x0081e7        Code  Gb  stm8l15x_it.o [1]
_interrupt_9              0x0081e8        Code  Gb  stm8l15x_it.o [1]
exit                      0x0081db   0x3  Code  Gb  exit.o [4]
main                      0x00812f  0x30  Code  Gb  main.o [1]


[1] = C:\Users\Sahil Siwatch\Documents\git_personal\office_system\STM8L\Projects\try\Debug\Obj
[2] = command line
[3] = dbgstm8smd.a
[4] = dlstm8smn.a

  384 bytes of readonly  code memory
  128 bytes of readonly  data memory
  268 bytes of readwrite data memory

Errors: none
Warnings: none
